{"timeslice":360,"processes":[{"name":"proc20","url":"/v1/analytics/processes/proc20/"},{"name":"proc19","url":"/v1/analytics/processes/proc19/"},{"name":"proc18","url":"/v1/analytics/processes/proc18/"},{"name":"proc17","url":"/v1/analytics/processes/proc17/"},{"name":"proc16","url":"/v1/analytics/processes/proc16/"},{"name":"proc15","url":"/v1/analytics/processes/proc15/"},{"name":"proc14","url":"/v1/analytics/processes/proc14/"}]}
